Last login: Sat Nov  5 22:24:06 on ttys000
arkan@MacBook-Pro-ArKan ~ % cd Dev
arkan@MacBook-Pro-ArKan Dev % cd backend_test_homework
arkan@MacBook-Pro-ArKan backend_test_homework % git status
On branch master
Your branch is up to date with 'origin/master'.

Changes not staged for commit:
  (use "git add <file>..." to update what will be committed)
  (use "git restore <file>..." to discard changes in working directory)
	modified:   program.py

Untracked files:
  (use "git add <file>..." to include in what will be committed)
	program.py.save

no changes added to commit (use "git add" and/or "git commit -a")
arkan@MacBook-Pro-ArKan backend_test_homework % git add program.py
arkan@MacBook-Pro-ArKan backend_test_homework % git add --all
arkan@MacBook-Pro-ArKan backend_test_homework % git add program.py
arkan@MacBook-Pro-ArKan backend_test_homework % git status
On branch master
Your branch is up to date with 'origin/master'.

Changes to be committed:
  (use "git restore --staged <file>..." to unstage)
	modified:   program.py
	new file:   program.py.save

arkan@MacBook-Pro-ArKan backend_test_homework % git commit -m "My first commit"
[master ba0dbc6] My first commit
 2 files changed, 151 insertions(+), 1 deletion(-)
 create mode 100644 program.py.save
arkan@MacBook-Pro-ArKan backend_test_homework % touch text.doc
arkan@MacBook-Pro-ArKan backend_test_homework % touch .gitignore.txt
arkan@MacBook-Pro-ArKan backend_test_homework % none .gitignore.txt
zsh: command not found: none
arkan@MacBook-Pro-ArKan backend_test_homework % cd .gitignore.txt
cd: not a directory: .gitignore.txt
arkan@MacBook-Pro-ArKan backend_test_homework % nano .gitignore.txt


















  UW PICO 5.09                             File: .gitignore.txt                              Modified  

*.doc





















































^G Get Help      ^O WriteOut      ^R Read File     ^Y Prev Pg       ^K Cut Text      ^C Cur Pos       
^X Exit          ^J Justify       ^W Where is      ^V Next Pg       ^U UnCut Text    ^T To Spell      
